// Jest Snapshot v1, https://goo.gl/fbAQLP

exports[`should render expense list item with one expense 1`] = `
<li>
  <Link
    to="/edit/1"
  >
    <h3>
      Gum
    </h3>
  </Link>
  <p>
    $1.95
    -
    01, 01, 1970
  </p>
</li>
`;
